
shekh@sid MINGW64 /d/Web_git_project
$ git --version
git version 2.51.0.windows.1

shekh@sid MINGW64 /d/Web_git_project
$ git init -b main
Initialized empty Git repository in D:/Web_git_project/.git/

shekh@sid MINGW64 /d/Web_git_project (main)
$ git status
On branch main

No commits yet

Untracked files:
  (use "git add <file>..." to include in what will be committed)
        content.txt

nothing added to commit but untracked files present (use "git add" to track)

shekh@sid MINGW64 /d/Web_git_project (main)
$ git add content.txt

shekh@sid MINGW64 /d/Web_git_project (main)
$ git status
On branch main

No commits yet

Changes to be committed:
  (use "git rm --cached <file>..." to unstage)
        new file:   content.txt


shekh@sid MINGW64 /d/Web_git_project (main)
$ git config --global user.name "Sureshbunny987"

shekh@sid MINGW64 /d/Web_git_project (main)
$ git config --global user.name "Sureshbunny987"

shekh@sid MINGW64 /d/Web_git_project (main)
$ git config --global user.email "sureshsidd987@gmail.com"

shekh@sid MINGW64 /d/Web_git_project (main)
$ git commit -m "first commit and edited two lines"
[main (root-commit) 3fba21b] first commit and edited two lines
 1 file changed, 2 insertions(+)
 create mode 100644 content.txt

shekh@sid MINGW64 /d/Web_git_project (main)
$ git log
commit 3fba21b853f5cdef17b6d5c3d2d1915618a2b30e (HEAD -> main)
Author: Sureshbunny987 <sureshsidd987@gmail.com>
Date:   Mon Aug 25 22:20:11 2025 +0530

    first commit and edited two lines

shekh@sid MINGW64 /d/Web_git_project (main)
$
